PlanarListColoring.planar_bipartite_three_list_colorable {V : Type} [Fintype V] (G : SimpleGraph V)
  (hplanar : Nonempty (PlaneDrawing G)) (hbipartite : G.IsBipartite) (L : V → Finset ℕ)
  (hL : ∀ (v : V), (L v).card = 3) : ∃ f, ∀ (v : V), f v ∈ L v
'PlanarListColoring.planar_bipartite_three_list_colorable' depends on axioms: [propext, Classical.choice, Quot.sound]
'Graph.IsDrawing.exists_euler_faceSystem' depends on axioms: [propext, Classical.choice, Quot.sound]
'Graph.IsDrawing.twoConnected_density' depends on axioms: [propext, Classical.choice, Quot.sound]
'Graph.IsDrawing.nonempty_density' depends on axioms: [propext, Classical.choice, Quot.sound]
'PlanarListColoring.PlaneDrawing.hereditary_density' depends on axioms: [propext, Classical.choice, Quot.sound]
'PlanarListColoring.three_list_colorable_of_density' depends on axioms: [propext, Classical.choice, Quot.sound]
structure PlanarListColoring.PlaneDrawing.{u} {V : Type u} (G : SimpleGraph V) : Type u
number of parameters: 2
fields:
  PlanarListColoring.PlaneDrawing.vertexPoint : V → Fin 2 → ℝ
  PlanarListColoring.PlaneDrawing.vertexPoint_injective : Function.Injective self.vertexPoint
  PlanarListColoring.PlaneDrawing.edgePoint : ↑G.edgeSet → ↑unitInterval → Fin 2 → ℝ
  PlanarListColoring.PlaneDrawing.edge_continuous : ∀ (e : ↑G.edgeSet), Continuous (self.edgePoint e)
  PlanarListColoring.PlaneDrawing.edge_zero : ∀ (e : ↑G.edgeSet), self.edgePoint e 0 = self.vertexPoint (Quot.out ↑e).1
  PlanarListColoring.PlaneDrawing.edge_one : ∀ (e : ↑G.edgeSet), self.edgePoint e 1 = self.vertexPoint (Quot.out ↑e).2
  PlanarListColoring.PlaneDrawing.edge_interior_injective : ∀ (e : ↑G.edgeSet) {s t : ↑unitInterval},
      s ≠ 0 → s ≠ 1 → t ≠ 0 → t ≠ 1 → self.edgePoint e s = self.edgePoint e t → s = t
  PlanarListColoring.PlaneDrawing.edge_interior_avoids_vertex : ∀ (e : ↑G.edgeSet) (v : V) {t : ↑unitInterval},
      t ≠ 0 → t ≠ 1 → self.edgePoint e t ≠ self.vertexPoint v
  PlanarListColoring.PlaneDrawing.edge_interiors_disjoint : ∀ {e f : ↑G.edgeSet},
      e ≠ f → ∀ {s t : ↑unitInterval}, s ≠ 0 → s ≠ 1 → t ≠ 0 → t ≠ 1 → self.edgePoint e s ≠ self.edgePoint f t
constructor:
  PlanarListColoring.PlaneDrawing.mk.{u} {V : Type u} {G : SimpleGraph V} (vertexPoint : V → Fin 2 → ℝ)
    (vertexPoint_injective : Function.Injective vertexPoint) (edgePoint : ↑G.edgeSet → ↑unitInterval → Fin 2 → ℝ)
    (edge_continuous : ∀ (e : ↑G.edgeSet), Continuous (edgePoint e))
    (edge_zero : ∀ (e : ↑G.edgeSet), edgePoint e 0 = vertexPoint (Quot.out ↑e).1)
    (edge_one : ∀ (e : ↑G.edgeSet), edgePoint e 1 = vertexPoint (Quot.out ↑e).2)
    (edge_interior_injective :
      ∀ (e : ↑G.edgeSet) {s t : ↑unitInterval}, s ≠ 0 → s ≠ 1 → t ≠ 0 → t ≠ 1 → edgePoint e s = edgePoint e t → s = t)
    (edge_interior_avoids_vertex :
      ∀ (e : ↑G.edgeSet) (v : V) {t : ↑unitInterval}, t ≠ 0 → t ≠ 1 → edgePoint e t ≠ vertexPoint v)
    (edge_interiors_disjoint :
      ∀ {e f : ↑G.edgeSet},
        e ≠ f → ∀ {s t : ↑unitInterval}, s ≠ 0 → s ≠ 1 → t ≠ 0 → t ≠ 1 → edgePoint e s ≠ edgePoint f t) :
    PlaneDrawing G
PlanarListColoring.planar_bipartite_three_list_colorable_palette.{u_1} {V : Type} {C : Type u_1} [Fintype V]
  (G : SimpleGraph V) (hplanar : Nonempty (PlaneDrawing G)) (hbipartite : G.IsBipartite) (L : V → Finset C)
  (hL : ∀ (v : V), (L v).card = 3) : ∃ f, ∀ (v : V), f v ∈ L v
'PlanarListColoring.planar_bipartite_three_list_colorable_palette' depends on axioms: [propext,
 Classical.choice,
 Quot.sound]
