info: lean4export: cloning https://github.com/leanprover/lean4export
info: lean4export: checking out revision '15f6055e299ad5b89345e533cc2192f4cc00f659'
✔ [4/21] Built Comparator.Util (1.6s)
✔ [5/21] Built Comparator.Util:c.o (204ms)
✔ [6/21] Built Export.Parse (2.1s)
✔ [7/21] Built Comparator.Axioms (300ms)
✔ [8/21] Built Comparator.Axioms:c.o (147ms)
✔ [9/21] Built Comparator.Compare (317ms)
✔ [10/21] Built Comparator (207ms)
✔ [11/21] Built Comparator.Compare:c.o (195ms)
✔ [12/21] Built Comparator:c.o (40ms)
✔ [13/21] Built Export.Parse:c.o (1.4s)
✔ [14/21] Built Main (1.3s)
✔ [15/21] Built Main:c.o (249ms)
✔ [16/21] Built Export (4.5s)
✔ [17/21] Built Main (659ms)
✔ [18/21] Built Main:c.o (107ms)
ℹ [19/21] Built comparator:exe (908ms)
info: stderr:
ld64.lld: warning: directory not found for option -L/usr/local/lib
✔ [20/21] Built Export:c.o (1.1s)
ℹ [21/21] Built lean4export:exe (530ms)
info: stderr:
ld64.lld: warning: directory not found for option -L/usr/local/lib
Build completed successfully (21 jobs).
